{ mkDerivation, base, Cabal, containers, directory, filepath, fixed
, half, hxt, libGL, stdenv, transformers
}:
mkDerivation {
  pname = "gl";
  version = "0.8.0";
  sha256 = "deadbeef";
  setupHaskellDepends = [
    base Cabal containers directory filepath hxt transformers
  ];
  libraryHaskellDepends = [
    base containers fixed half transformers
  ];
  librarySystemDepends = [ libGL ];
  description = "Complete OpenGL raw bindings";
  license = stdenv.lib.licenses.bsd3;
}
