{ mkDerivation, base, bytestring, network, stdenv, time }:
mkDerivation {
  pname = "pcap";
  version = "0.4.5.2";
  sha256 = "deadbeef";
  libraryHaskellDepends = [ base bytestring network time ];
  homepage = "https://github.com/bos/pcap";
  description = "A system-independent interface for user-level packet capture";
  license = stdenv.lib.licenses.bsd3;
}
